cyberbit00 <cyberbit.ttf <cyberbit00.enc
cyberbit01 <cyberbit.ttf <cyberbit01.enc
cyberbit02 <cyberbit.ttf <cyberbit02.enc
cyberbit03 <cyberbit.ttf <cyberbit03.enc
cyberbit04 <cyberbit.ttf <cyberbit04.enc
cyberbit05 <cyberbit.ttf <cyberbit05.enc
cyberbit06 <cyberbit.ttf <cyberbit06.enc
cyberbit0e <cyberbit.ttf <cyberbit0e.enc
cyberbit1e <cyberbit.ttf <cyberbit1e.enc
cyberbit20 <cyberbit.ttf <cyberbit20.enc
cyberbit21 <cyberbit.ttf <cyberbit21.enc
cyberbit22 <cyberbit.ttf <cyberbit22.enc
cyberbit23 <cyberbit.ttf <cyberbit23.enc
cyberbit24 <cyberbit.ttf <cyberbit24.enc
cyberbit25 <cyberbit.ttf <cyberbit25.enc
cyberbit26 <cyberbit.ttf <cyberbit26.enc
cyberbit30 <cyberbit.ttf <cyberbit30.enc
cyberbit31 <cyberbit.ttf <cyberbit31.enc
cyberbit32 <cyberbit.ttf <cyberbit32.enc
cyberbit33 <cyberbit.ttf <cyberbit33.enc
cyberbit34 <cyberbit.ttf <cyberbit34.enc
cyberbit35 <cyberbit.ttf <cyberbit35.enc
cyberbit36 <cyberbit.ttf <cyberbit36.enc
cyberbit37 <cyberbit.ttf <cyberbit37.enc
cyberbit38 <cyberbit.ttf <cyberbit38.enc
cyberbit39 <cyberbit.ttf <cyberbit39.enc
cyberbit3a <cyberbit.ttf <cyberbit3a.enc
cyberbit3b <cyberbit.ttf <cyberbit3b.enc
cyberbit3c <cyberbit.ttf <cyberbit3c.enc
cyberbit3d <cyberbit.ttf <cyberbit3d.enc
cyberbit4e <cyberbit.ttf <cyberbit4e.enc
cyberbit4f <cyberbit.ttf <cyberbit4f.enc
cyberbit50 <cyberbit.ttf <cyberbit50.enc
cyberbit51 <cyberbit.ttf <cyberbit51.enc
cyberbit52 <cyberbit.ttf <cyberbit52.enc
cyberbit53 <cyberbit.ttf <cyberbit53.enc
cyberbit54 <cyberbit.ttf <cyberbit54.enc
cyberbit55 <cyberbit.ttf <cyberbit55.enc
cyberbit56 <cyberbit.ttf <cyberbit56.enc
cyberbit57 <cyberbit.ttf <cyberbit57.enc
cyberbit58 <cyberbit.ttf <cyberbit58.enc
cyberbit59 <cyberbit.ttf <cyberbit59.enc
cyberbit5a <cyberbit.ttf <cyberbit5a.enc
cyberbit5b <cyberbit.ttf <cyberbit5b.enc
cyberbit5c <cyberbit.ttf <cyberbit5c.enc
cyberbit5d <cyberbit.ttf <cyberbit5d.enc
cyberbit5e <cyberbit.ttf <cyberbit5e.enc
cyberbit5f <cyberbit.ttf <cyberbit5f.enc
cyberbit60 <cyberbit.ttf <cyberbit60.enc
cyberbit61 <cyberbit.ttf <cyberbit61.enc
cyberbit62 <cyberbit.ttf <cyberbit62.enc
cyberbit63 <cyberbit.ttf <cyberbit63.enc
cyberbit64 <cyberbit.ttf <cyberbit64.enc
cyberbit65 <cyberbit.ttf <cyberbit65.enc
cyberbit66 <cyberbit.ttf <cyberbit66.enc
cyberbit67 <cyberbit.ttf <cyberbit67.enc
cyberbit68 <cyberbit.ttf <cyberbit68.enc
cyberbit69 <cyberbit.ttf <cyberbit69.enc
cyberbit6a <cyberbit.ttf <cyberbit6a.enc
cyberbit6b <cyberbit.ttf <cyberbit6b.enc
cyberbit6c <cyberbit.ttf <cyberbit6c.enc
cyberbit6d <cyberbit.ttf <cyberbit6d.enc
cyberbit6e <cyberbit.ttf <cyberbit6e.enc
cyberbit6f <cyberbit.ttf <cyberbit6f.enc
cyberbit70 <cyberbit.ttf <cyberbit70.enc
cyberbit71 <cyberbit.ttf <cyberbit71.enc
cyberbit72 <cyberbit.ttf <cyberbit72.enc
cyberbit73 <cyberbit.ttf <cyberbit73.enc
cyberbit74 <cyberbit.ttf <cyberbit74.enc
cyberbit75 <cyberbit.ttf <cyberbit75.enc
cyberbit76 <cyberbit.ttf <cyberbit76.enc
cyberbit77 <cyberbit.ttf <cyberbit77.enc
cyberbit78 <cyberbit.ttf <cyberbit78.enc
cyberbit79 <cyberbit.ttf <cyberbit79.enc
cyberbit7a <cyberbit.ttf <cyberbit7a.enc
cyberbit7b <cyberbit.ttf <cyberbit7b.enc
cyberbit7c <cyberbit.ttf <cyberbit7c.enc
cyberbit7d <cyberbit.ttf <cyberbit7d.enc
cyberbit7e <cyberbit.ttf <cyberbit7e.enc
cyberbit7f <cyberbit.ttf <cyberbit7f.enc
cyberbit80 <cyberbit.ttf <cyberbit80.enc
cyberbit81 <cyberbit.ttf <cyberbit81.enc
cyberbit82 <cyberbit.ttf <cyberbit82.enc
cyberbit83 <cyberbit.ttf <cyberbit83.enc
cyberbit84 <cyberbit.ttf <cyberbit84.enc
cyberbit85 <cyberbit.ttf <cyberbit85.enc
cyberbit86 <cyberbit.ttf <cyberbit86.enc
cyberbit87 <cyberbit.ttf <cyberbit87.enc
cyberbit88 <cyberbit.ttf <cyberbit88.enc
cyberbit89 <cyberbit.ttf <cyberbit89.enc
cyberbit8a <cyberbit.ttf <cyberbit8a.enc
cyberbit8b <cyberbit.ttf <cyberbit8b.enc
cyberbit8c <cyberbit.ttf <cyberbit8c.enc
cyberbit8d <cyberbit.ttf <cyberbit8d.enc
cyberbit8e <cyberbit.ttf <cyberbit8e.enc
cyberbit8f <cyberbit.ttf <cyberbit8f.enc
cyberbit90 <cyberbit.ttf <cyberbit90.enc
cyberbit91 <cyberbit.ttf <cyberbit91.enc
cyberbit92 <cyberbit.ttf <cyberbit92.enc
cyberbit93 <cyberbit.ttf <cyberbit93.enc
cyberbit94 <cyberbit.ttf <cyberbit94.enc
cyberbit95 <cyberbit.ttf <cyberbit95.enc
cyberbit96 <cyberbit.ttf <cyberbit96.enc
cyberbit97 <cyberbit.ttf <cyberbit97.enc
cyberbit98 <cyberbit.ttf <cyberbit98.enc
cyberbit99 <cyberbit.ttf <cyberbit99.enc
cyberbit9a <cyberbit.ttf <cyberbit9a.enc
cyberbit9b <cyberbit.ttf <cyberbit9b.enc
cyberbit9c <cyberbit.ttf <cyberbit9c.enc
cyberbit9d <cyberbit.ttf <cyberbit9d.enc
cyberbit9e <cyberbit.ttf <cyberbit9e.enc
cyberbit9f <cyberbit.ttf <cyberbit9f.enc
cyberbitac <cyberbit.ttf <cyberbitac.enc
cyberbitad <cyberbit.ttf <cyberbitad.enc
cyberbitae <cyberbit.ttf <cyberbitae.enc
cyberbitaf <cyberbit.ttf <cyberbitaf.enc
cyberbitb0 <cyberbit.ttf <cyberbitb0.enc
cyberbitb1 <cyberbit.ttf <cyberbitb1.enc
cyberbitb2 <cyberbit.ttf <cyberbitb2.enc
cyberbitb3 <cyberbit.ttf <cyberbitb3.enc
cyberbitb4 <cyberbit.ttf <cyberbitb4.enc
cyberbitb5 <cyberbit.ttf <cyberbitb5.enc
cyberbitb6 <cyberbit.ttf <cyberbitb6.enc
cyberbitb7 <cyberbit.ttf <cyberbitb7.enc
cyberbitb8 <cyberbit.ttf <cyberbitb8.enc
cyberbitb9 <cyberbit.ttf <cyberbitb9.enc
cyberbitba <cyberbit.ttf <cyberbitba.enc
cyberbitbb <cyberbit.ttf <cyberbitbb.enc
cyberbitbc <cyberbit.ttf <cyberbitbc.enc
cyberbitbd <cyberbit.ttf <cyberbitbd.enc
cyberbitbe <cyberbit.ttf <cyberbitbe.enc
cyberbitbf <cyberbit.ttf <cyberbitbf.enc
cyberbitc0 <cyberbit.ttf <cyberbitc0.enc
cyberbitc1 <cyberbit.ttf <cyberbitc1.enc
cyberbitc2 <cyberbit.ttf <cyberbitc2.enc
cyberbitc3 <cyberbit.ttf <cyberbitc3.enc
cyberbitc4 <cyberbit.ttf <cyberbitc4.enc
cyberbitc5 <cyberbit.ttf <cyberbitc5.enc
cyberbitc6 <cyberbit.ttf <cyberbitc6.enc
cyberbitc7 <cyberbit.ttf <cyberbitc7.enc
cyberbitc8 <cyberbit.ttf <cyberbitc8.enc
cyberbitc9 <cyberbit.ttf <cyberbitc9.enc
cyberbitca <cyberbit.ttf <cyberbitca.enc
cyberbitcb <cyberbit.ttf <cyberbitcb.enc
cyberbitcc <cyberbit.ttf <cyberbitcc.enc
cyberbitcd <cyberbit.ttf <cyberbitcd.enc
cyberbitce <cyberbit.ttf <cyberbitce.enc
cyberbitcf <cyberbit.ttf <cyberbitcf.enc
cyberbitd0 <cyberbit.ttf <cyberbitd0.enc
cyberbitd1 <cyberbit.ttf <cyberbitd1.enc
cyberbitd2 <cyberbit.ttf <cyberbitd2.enc
cyberbitd3 <cyberbit.ttf <cyberbitd3.enc
cyberbitd4 <cyberbit.ttf <cyberbitd4.enc
cyberbitd5 <cyberbit.ttf <cyberbitd5.enc
cyberbitd6 <cyberbit.ttf <cyberbitd6.enc
cyberbitd7 <cyberbit.ttf <cyberbitd7.enc
cyberbite8 <cyberbit.ttf <cyberbite8.enc
cyberbitf0 <cyberbit.ttf <cyberbitf0.enc
cyberbitf9 <cyberbit.ttf <cyberbitf9.enc
cyberbitfa <cyberbit.ttf <cyberbitfa.enc
cyberbitfb <cyberbit.ttf <cyberbitfb.enc
cyberbitfc <cyberbit.ttf <cyberbitfc.enc
cyberbitfd <cyberbit.ttf <cyberbitfd.enc
cyberbitfe <cyberbit.ttf <cyberbitfe.enc
cyberbitff <cyberbit.ttf <cyberbitff.enc
